
> gqs@0.1.0 build D:\projects\gqs
> next build

Γû▓ Next.js 16.2.6 (Turbopack)

  Creating an optimized production build ...
node.exe : Error: Cannot apply unknown utility class `text-muted`
At C:\Users\suhail ahamed\AppData\Roaming\npm\pnpm.ps1:24 char:5
+     & "node$exe"  "$basedir/node_modules/pnpm/bin/pnpm.cjs" $args
+     ~~~~~~~~~~~~~~~~~~~~~~~~~~~~~~~~~~~~~~~~~~~~~~~~~~~~~~~~~~~~~
    + CategoryInfo          : NotSpecified: (Error: Cannot a...ss `text-muted`:String) [], RemoteException
    + FullyQualifiedErrorId : NativeCommandError
 
    [2m[at onInvalidCandidate 
(D:\projects\gqs\node_modules\.pnpm\tailwindcss@4.3.0\node_modules\tailwindcss\dist\lib.js:21:1511)][0m
    [2m[at Ne 
(D:\projects\gqs\node_modules\.pnpm\tailwindcss@4.3.0\node_modules\tailwindcss\dist\lib.js:16:38783)][0m
    [2m[at D:\projects\gqs\node_modules\.pnpm\tailwindcss@4.3.0\node_modules\tailwindcss\dist\lib.js:21:355][0m
    [2m[at zr (D:\projects\gqs\node_modules\.pnpm\tailwindcss@4.3.0\node_modules\tailwindcss\dist\lib.js:3:1733)][0m
    [2m[at I (D:\projects\gqs\node_modules\.pnpm\tailwindcss@4.3.0\node_modules\tailwindcss\dist\lib.js:3:1377)][0m
    [2m[at Ee (D:\projects\gqs\node_modules\.pnpm\tailwindcss@4.3.0\node_modules\tailwindcss\dist\lib.js:21:172)][0m
    [2m[at vn (D:\projects\gqs\node_modules\.pnpm\tailwindcss@4.3.0\node_modules\tailwindcss\dist\lib.js:38:294)][0m
    [2m[at async kn 
(D:\projects\gqs\node_modules\.pnpm\tailwindcss@4.3.0\node_modules\tailwindcss\dist\lib.js:38:631)][0m
    [2m[at async Xr 
(D:\projects\gqs\node_modules\.pnpm\@tailwindcss+node@4.3.0\node_modules\@tailwindcss\node\dist\index.js:10:3415)][0m
    [2m[at async E (D:\projects\gqs\node_modules\.pnpm\@tailwindcss+postcss@4.3.0\node_modules\@tailwindcss\postcss\di
st\index.js:10:3983)][0m

> Build error occurred
Error: Turbopack build failed with 19 errors:
./app/globals.css
Error evaluating Node.js code
CssSyntaxError: tailwindcss: D:\projects\gqs\app\globals.css:1:1: Cannot apply unknown utility class `text-muted`
    at Input.error (node_modules/.pnpm/postcss@8.4.31/node_modules/postcss/lib/input.js:106:16) 
[D:\projects\gqs\.next\build\chunks\node_modules__pnpm_12e~_lr._.js:4132:22]
    at error (node_modules/.pnpm/postcss@8.4.31/node_modules/postcss/lib/node.js:115:32) 
[D:\projects\gqs\.next\build\chunks\node_modules__pnpm_12e~_lr._.js:895:38]
    [at Object.Once (D:\projects\gqs\node_modules\.pnpm\@tailwindcss+postcss@4.3.0\node_modules\@tailwindcss\postcss\di
st\index.js:10:6917)]
    at async LazyResult.runAsync (node_modules/.pnpm/postcss@8.4.31/node_modules/postcss/lib/lazy-result.js:261:11) 
[D:\projects\gqs\.next\build\chunks\node_modules__pnpm_12e~_lr._.js:6052:21]
    at async transform (turbopack:///[turbopack-node]/transforms/postcss.ts:70:34) 
[D:\projects\gqs\.next\build\chunks\[root-of-the-server]__0d-m0h0._.js:146:36]
    at async run (turbopack:///[turbopack-node]/child_process/evaluate.ts:89:23) 
[D:\projects\gqs\.next\build\chunks\[root-of-the-server]__0ubbtyl._.js:443:31]

Import trace:
  Client Component Browser:
    ./app/globals.css [Client Component Browser]
    ./app/layout.tsx [Server Component]


./app/[locale]/about-us/company-overview/page.tsx:2:1
Module not found: Can't resolve '@/components/pages/about-us/company-overview/CompanyOverviewPage'
  [90m1 |[0m ...{ setRequestLocale } [36mfrom[0m [32m"next-intl/server"[0m;
[31m[1m>[0m [90m2 |[0m ...{ [33mCompanyOverviewPage[0m } [36mfrom[0m 
[32m"@/components/pages/about-us/company-overview/CompanyOvervi...[0m
  [90m  |[0m    
[31m[1m^^^^^^^^^^^^^^^^^^^^^^^^^^^^^^^^^^^^^^^^^^^^^^^^^^^^^^^^^^^^^^^^^^^^^^^^^^^^^^^^^^^^^^^^^^^[0m
  [90m3 |[0m ...
  [90m4 |[0m ...[33mops[0m = {
  [90m5 |[0m ...s: [33mPromise[0m<{ locale: string }>;

Import map: aliased to relative './components/pages/about-us/company-overview/CompanyOverviewPage' inside of [project]/


https://nextjs.org/docs/messages/module-not-found


./app/[locale]/about-us/core-values/page.tsx:2:1
Module not found: Can't resolve '@/components/pages/about-us/core-values/CoreValuesPage'
  [90m1 |[0m [36mimport[0m { setRequestLocale } [36mfrom[0m [32m"next-intl/server"[0m;
[31m[1m>[0m [90m2 |[0m [36mimport[0m { [33mCoreValuesPage[0m } [36mfrom[0m 
[32m"@/components/pages/about-us/core-values/CoreValuesPage"[0m;
  [90m  |[0m [31m[1m^^^^^^^^^^^^^^^^^^^^^^^^^^^^^^^^^^^^^^^^^^^^^^^^^^^^^^^^^^^^^^^^^^^^^^^^^^^^^^^^^^^^^^^^[0m
  [90m3 |[0m
  [90m4 |[0m [36mtype[0m [33mProps[0m = {
  [90m5 |[0m   params: [33mPromise[0m<{ locale: string }>;

Import map: aliased to relative './components/pages/about-us/core-values/CoreValuesPage' inside of [project]/


https://nextjs.org/docs/messages/module-not-found


./app/[locale]/about-us/operational-areas/page.tsx:2:1
Module not found: Can't resolve '@/components/pages/about-us/operational-areas/OperationalAreasPage'
  [90m1 |[0m ...setRequestLocale } [36mfrom[0m [32m"next-intl/server"[0m;
[31m[1m>[0m [90m2 |[0m ...[33mOperationalAreasPage[0m } [36mfrom[0m 
[32m"@/components/pages/about-us/operational-areas/OperationalAr...[0m
  [90m  |[0m    
[31m[1m^^^^^^^^^^^^^^^^^^^^^^^^^^^^^^^^^^^^^^^^^^^^^^^^^^^^^^^^^^^^^^^^^^^^^^^^^^^^^^^^^^^^^^^^^^^[0m
  [90m3 |[0m ...
  [90m4 |[0m ...[33ms[0m = {
  [90m5 |[0m ... [33mPromise[0m<{ locale: string }>;

Import map: aliased to relative './components/pages/about-us/operational-areas/OperationalAreasPage' inside of 
[project]/


https://nextjs.org/docs/messages/module-not-found


./app/[locale]/about-us/vision-mission/page.tsx:2:1
Module not found: Can't resolve '@/components/pages/about-us/vision-mission/VisionMissionPage'
  [90m1 |[0m ...[36mrt[0m { setRequestLocale } [36mfrom[0m [32m"next-intl/server"[0m;
[31m[1m>[0m [90m2 |[0m ...[36mrt[0m { [33mVisionMissionPage[0m } [36mfrom[0m 
[32m"@/components/pages/about-us/vision-mission/VisionMissionP...[0m
  [90m  |[0m    
[31m[1m^^^^^^^^^^^^^^^^^^^^^^^^^^^^^^^^^^^^^^^^^^^^^^^^^^^^^^^^^^^^^^^^^^^^^^^^^^^^^^^^^^^^^^^^^^^[0m
  [90m3 |[0m ...
  [90m4 |[0m ... [33mProps[0m = {
  [90m5 |[0m ...rams: [33mPromise[0m<{ locale: string }>;

Import map: aliased to relative './components/pages/about-us/vision-mission/VisionMissionPage' inside of [project]/


https://nextjs.org/docs/messages/module-not-found


./app/[locale]/about-us/why-choose-us/page.tsx:2:1
Module not found: Can't resolve '@/components/pages/about-us/why-choose-us/WhyChooseUsAboutPage'
  [90m1 |[0m ...{ setRequestLocale } [36mfrom[0m [32m"next-intl/server"[0m;
[31m[1m>[0m [90m2 |[0m ...{ [33mWhyChooseUsAboutPage[0m } [36mfrom[0m 
[32m"@/components/pages/about-us/why-choose-us/WhyChooseUsAbou...[0m
  [90m  |[0m    
[31m[1m^^^^^^^^^^^^^^^^^^^^^^^^^^^^^^^^^^^^^^^^^^^^^^^^^^^^^^^^^^^^^^^^^^^^^^^^^^^^^^^^^^^^^^^^^^^[0m
  [90m3 |[0m ...
  [90m4 |[0m ...[33mops[0m = {
  [90m5 |[0m ...s: [33mPromise[0m<{ locale: string }>;

Import map: aliased to relative './components/pages/about-us/why-choose-us/WhyChooseUsAboutPage' inside of [project]/


https://nextjs.org/docs/messages/module-not-found


./app/[locale]/contact-us/google-map/page.tsx:2:1
Module not found: Can't resolve '@/components/pages/contact-us/google-map/ContactGoogleMapPage'
  [90m1 |[0m ... { setRequestLocale } [36mfrom[0m [32m"next-intl/server"[0m;
[31m[1m>[0m [90m2 |[0m ... { [33mContactGoogleMapPage[0m } [36mfrom[0m 
[32m"@/components/pages/contact-us/google-map/ContactGoogleMa...[0m
  [90m  |[0m    
[31m[1m^^^^^^^^^^^^^^^^^^^^^^^^^^^^^^^^^^^^^^^^^^^^^^^^^^^^^^^^^^^^^^^^^^^^^^^^^^^^^^^^^^^^^^^^^^^[0m
  [90m3 |[0m ...
  [90m4 |[0m ...[33mrops[0m = {
  [90m5 |[0m ...ms: [33mPromise[0m<{ locale: string }>;

Import map: aliased to relative './components/pages/contact-us/google-map/ContactGoogleMapPage' inside of [project]/


https://nextjs.org/docs/messages/module-not-found


./app/[locale]/contact-us/inquiry-form/page.tsx:2:1
Module not found: Can't resolve '@/components/pages/contact-us/inquiry-form/ContactInquiryFormPage'
  [90m1 |[0m ...setRequestLocale } [36mfrom[0m [32m"next-intl/server"[0m;
[31m[1m>[0m [90m2 |[0m ...[33mContactInquiryFormPage[0m } [36mfrom[0m 
[32m"@/components/pages/contact-us/inquiry-form/ContactInquiry...[0m
  [90m  |[0m    
[31m[1m^^^^^^^^^^^^^^^^^^^^^^^^^^^^^^^^^^^^^^^^^^^^^^^^^^^^^^^^^^^^^^^^^^^^^^^^^^^^^^^^^^^^^^^^^^^[0m
  [90m3 |[0m ...
  [90m4 |[0m ...[33ms[0m = {
  [90m5 |[0m ... [33mPromise[0m<{ locale: string }>;

Import map: aliased to relative './components/pages/contact-us/inquiry-form/ContactInquiryFormPage' inside of 
[project]/


https://nextjs.org/docs/messages/module-not-found


./app/[locale]/contact-us/office-location/page.tsx:2:1
Module not found: Can't resolve '@/components/pages/contact-us/office-location/ContactOfficeLocationPage'
  [90m1 |[0m ...questLocale } [36mfrom[0m [32m"next-intl/server"[0m;
[31m[1m>[0m [90m2 |[0m ...[33mctOfficeLocationPage[0m } [36mfrom[0m 
[32m"@/components/pages/contact-us/office-location/ContactOffice...[0m
  [90m  |[0m    
[31m[1m^^^^^^^^^^^^^^^^^^^^^^^^^^^^^^^^^^^^^^^^^^^^^^^^^^^^^^^^^^^^^^^^^^^^^^^^^^^^^^^^^^^^^^^^^^^[0m
  [90m3 |[0m ...
  [90m4 |[0m ...
  [90m5 |[0m ...[33mise[0m<{ locale: string }>;

Import map: aliased to relative './components/pages/contact-us/office-location/ContactOfficeLocationPage' inside of 
[project]/


https://nextjs.org/docs/messages/module-not-found


./app/[locale]/contact-us/whatsapp-contact/page.tsx:2:1
Module not found: Can't resolve '@/components/pages/contact-us/whatsapp-contact/ContactWhatsappPage'
  [90m1 |[0m ... setRequestLocale } [36mfrom[0m [32m"next-intl/server"[0m;
[31m[1m>[0m [90m2 |[0m ... [33mContactWhatsappPage[0m } [36mfrom[0m 
[32m"@/components/pages/contact-us/whatsapp-contact/ContactWhats...[0m
  [90m  |[0m    
[31m[1m^^^^^^^^^^^^^^^^^^^^^^^^^^^^^^^^^^^^^^^^^^^^^^^^^^^^^^^^^^^^^^^^^^^^^^^^^^^^^^^^^^^^^^^^^^^[0m
  [90m3 |[0m ...
  [90m4 |[0m ...[33mps[0m = {
  [90m5 |[0m ...: [33mPromise[0m<{ locale: string }>;

Import map: aliased to relative './components/pages/contact-us/whatsapp-contact/ContactWhatsappPage' inside of 
[project]/


https://nextjs.org/docs/messages/module-not-found


./app/[locale]/projects/cross-border-logistics/page.tsx:2:1
Module not found: Can't resolve '@/components/pages/projects/cross-border-logistics/ProjectCrossBorderLogisticsPage'
  [90m1 |[0m ...ale } [36mfrom[0m [32m"next-intl/server"[0m;
[31m[1m>[0m [90m2 |[0m ...[33morderLogisticsPage[0m } [36mfrom[0m 
[32m"@/components/pages/projects/cross-border-logistics/ProjectCro...[0m
  [90m  |[0m    
[31m[1m^^^^^^^^^^^^^^^^^^^^^^^^^^^^^^^^^^^^^^^^^^^^^^^^^^^^^^^^^^^^^^^^^^^^^^^^^^^^^^^^^^^^^^^^^^^[0m
  [90m3 |[0m ...
  [90m4 |[0m ...
  [90m5 |[0m ...cale: string }>;

Import map: aliased to relative './components/pages/projects/cross-border-logistics/ProjectCrossBorderLogisticsPage' 
inside of [project]/


https://nextjs.org/docs/messages/module-not-found


./app/[locale]/projects/heavy-equipment-transport/page.tsx:2:1
Module not found: Can't resolve 
'@/components/pages/projects/heavy-equipment-transport/ProjectHeavyEquipmentTransportPage'
  [90m1 |[0m ... [36mfrom[0m [32m"next-intl/server"[0m;
[31m[1m>[0m [90m2 |[0m ...[33mentTransportPage[0m } [36mfrom[0m 
[32m"@/components/pages/projects/heavy-equipment-transport/ProjectHe...[0m
  [90m  |[0m    
[31m[1m^^^^^^^^^^^^^^^^^^^^^^^^^^^^^^^^^^^^^^^^^^^^^^^^^^^^^^^^^^^^^^^^^^^^^^^^^^^^^^^^^^^^^^^^^^^[0m
  [90m3 |[0m ...
  [90m4 |[0m ...
  [90m5 |[0m ... string }>;

Import map: aliased to relative 
'./components/pages/projects/heavy-equipment-transport/ProjectHeavyEquipmentTransportPage' inside of [project]/


https://nextjs.org/docs/messages/module-not-found


./app/[locale]/projects/industrial-cargo-movement/page.tsx:2:1
Module not found: Can't resolve 
'@/components/pages/projects/industrial-cargo-movement/ProjectIndustrialCargoMovementPage'
  [90m1 |[0m ... [36mfrom[0m [32m"next-intl/server"[0m;
[31m[1m>[0m [90m2 |[0m ...[33margoMovementPage[0m } [36mfrom[0m 
[32m"@/components/pages/projects/industrial-cargo-movement/ProjectIn...[0m
  [90m  |[0m    
[31m[1m^^^^^^^^^^^^^^^^^^^^^^^^^^^^^^^^^^^^^^^^^^^^^^^^^^^^^^^^^^^^^^^^^^^^^^^^^^^^^^^^^^^^^^^^^^^[0m
  [90m3 |[0m ...
  [90m4 |[0m ...
  [90m5 |[0m ... string }>;

Import map: aliased to relative 
'./components/pages/projects/industrial-cargo-movement/ProjectIndustrialCargoMovementPage' inside of [project]/


https://nextjs.org/docs/messages/module-not-found


./app/[locale]/projects/machinery-mobilization/page.tsx:2:1
Module not found: Can't resolve '@/components/pages/projects/machinery-mobilization/ProjectMachineryMobilizationPage'
  [90m1 |[0m ...le } [36mfrom[0m [32m"next-intl/server"[0m;
[31m[1m>[0m [90m2 |[0m ...[33mryMobilizationPage[0m } [36mfrom[0m 
[32m"@/components/pages/projects/machinery-mobilization/ProjectMac...[0m
  [90m  |[0m    
[31m[1m^^^^^^^^^^^^^^^^^^^^^^^^^^^^^^^^^^^^^^^^^^^^^^^^^^^^^^^^^^^^^^^^^^^^^^^^^^^^^^^^^^^^^^^^^^^[0m
  [90m3 |[0m ...
  [90m4 |[0m ...
  [90m5 |[0m ...ale: string }>;

Import map: aliased to relative './components/pages/projects/machinery-mobilization/ProjectMachineryMobilizationPage' 
inside of [project]/


https://nextjs.org/docs/messages/module-not-found


./app/[locale]/projects/port-handling-projects/page.tsx:2:1
Module not found: Can't resolve '@/components/pages/projects/port-handling-projects/ProjectPortHandlingProjectsPage'
  [90m1 |[0m ...ale } [36mfrom[0m [32m"next-intl/server"[0m;
[31m[1m>[0m [90m2 |[0m ...[33mndlingProjectsPage[0m } [36mfrom[0m 
[32m"@/components/pages/projects/port-handling-projects/ProjectPor...[0m
  [90m  |[0m    
[31m[1m^^^^^^^^^^^^^^^^^^^^^^^^^^^^^^^^^^^^^^^^^^^^^^^^^^^^^^^^^^^^^^^^^^^^^^^^^^^^^^^^^^^^^^^^^^^[0m
  [90m3 |[0m ...
  [90m4 |[0m ...
  [90m5 |[0m ...cale: string }>;

Import map: aliased to relative './components/pages/projects/port-handling-projects/ProjectPortHandlingProjectsPage' 
inside of [project]/


https://nextjs.org/docs/messages/module-not-found


./app/[locale]/request-a-quote/hiab-service-inquiry/page.tsx:2:1
Module not found: Can't resolve '@/components/pages/request-a-quote/hiab-service-inquiry/QuoteHiabServiceInquiryPage'
  [90m1 |[0m ...cale } [36mfrom[0m [32m"next-intl/server"[0m;
[31m[1m>[0m [90m2 |[0m ...[33mviceInquiryPage[0m } [36mfrom[0m 
[32m"@/components/pages/request-a-quote/hiab-service-inquiry/QuoteHia...[0m
  [90m  |[0m    
[31m[1m^^^^^^^^^^^^^^^^^^^^^^^^^^^^^^^^^^^^^^^^^^^^^^^^^^^^^^^^^^^^^^^^^^^^^^^^^^^^^^^^^^^^^^^^^^^[0m
  [90m3 |[0m ...
  [90m4 |[0m ...
  [90m5 |[0m ...ocale: string }>;

Import map: aliased to relative './components/pages/request-a-quote/hiab-service-inquiry/QuoteHiabServiceInquiryPage' 
inside of [project]/


https://nextjs.org/docs/messages/module-not-found


./app/[locale]/request-a-quote/machinery-rental-inquiry/page.tsx:2:1
Module not found: Can't resolve 
'@/components/pages/request-a-quote/machinery-rental-inquiry/QuoteMachineryRentalInquiryPage'
  [90m1 |[0m ... [36mfrom[0m [32m"next-intl/server"[0m;
[31m[1m>[0m [90m2 |[0m ...[33malInquiryPage[0m } [36mfrom[0m 
[32m"@/components/pages/request-a-quote/machinery-rental-inquiry/QuoteM...[0m
  [90m  |[0m    
[31m[1m^^^^^^^^^^^^^^^^^^^^^^^^^^^^^^^^^^^^^^^^^^^^^^^^^^^^^^^^^^^^^^^^^^^^^^^^^^^^^^^^^^^^^^^^^^^[0m
  [90m3 |[0m ...
  [90m4 |[0m ...
  [90m5 |[0m ... string }>;

Import map: aliased to relative 
'./components/pages/request-a-quote/machinery-rental-inquiry/QuoteMachineryRentalInquiryPage' inside of [project]/


https://nextjs.org/docs/messages/module-not-found


./app/[locale]/request-a-quote/project-logistics-inquiry/page.tsx:2:1
Module not found: Can't resolve 
'@/components/pages/request-a-quote/project-logistics-inquiry/QuoteProjectLogisticsInquiryPage'
  [90m1 |[0m ...[36mfrom[0m [32m"next-intl/server"[0m;
[31m[1m>[0m [90m2 |[0m ...[33mcsInquiryPage[0m } [36mfrom[0m 
[32m"@/components/pages/request-a-quote/project-logistics-inquiry/Quote...[0m
  [90m  |[0m    
[31m[1m^^^^^^^^^^^^^^^^^^^^^^^^^^^^^^^^^^^^^^^^^^^^^^^^^^^^^^^^^^^^^^^^^^^^^^^^^^^^^^^^^^^^^^^^^^^[0m
  [90m3 |[0m ...
  [90m4 |[0m ...
  [90m5 |[0m ...string }>;

Import map: aliased to relative 
'./components/pages/request-a-quote/project-logistics-inquiry/QuoteProjectLogisticsInquiryPage' inside of [project]/


https://nextjs.org/docs/messages/module-not-found


./app/[locale]/request-a-quote/transport-inquiry/page.tsx:2:1
Module not found: Can't resolve '@/components/pages/request-a-quote/transport-inquiry/QuoteTransportInquiryPage'
  [90m1 |[0m ...stLocale } [36mfrom[0m [32m"next-intl/server"[0m;
[31m[1m>[0m [90m2 |[0m ...[33mnsportInquiryPage[0m } [36mfrom[0m 
[32m"@/components/pages/request-a-quote/transport-inquiry/QuoteTran...[0m
  [90m  |[0m    
[31m[1m^^^^^^^^^^^^^^^^^^^^^^^^^^^^^^^^^^^^^^^^^^^^^^^^^^^^^^^^^^^^^^^^^^^^^^^^^^^^^^^^^^^^^^^^^^^[0m
  [90m3 |[0m ...
  [90m4 |[0m ...
  [90m5 |[0m ...<{ locale: string }>;

Import map: aliased to relative './components/pages/request-a-quote/transport-inquiry/QuoteTransportInquiryPage' 
inside of [project]/


https://nextjs.org/docs/messages/module-not-found


    at async transform (turbopack:///[turbopack-node]/transforms/postcss.ts:70:34) 
[D:\projects\gqs\.next\build\chunks\[root-of-the-server]__0d-m0h0._.js:146:36])
    at async run (turbopack:///[turbopack-node]/child_process/evaluate.ts:89:23) 
[D:\projects\gqs\.next\build\chunks\[root-of-the-server]__0ubbtyl._.js:443:31])
    at <unknown> (./app/[locale]/about-us/company-overview/page.tsx:2:1)
    at <unknown> (https://nextjs.org/docs/messages/module-not-found)
    at <unknown> (./app/[locale]/about-us/core-values/page.tsx:2:1)
    at <unknown> (https://nextjs.org/docs/messages/module-not-found)
    at <unknown> (./app/[locale]/about-us/operational-areas/page.tsx:2:1)
    at <unknown> (https://nextjs.org/docs/messages/module-not-found)
    at <unknown> (./app/[locale]/about-us/vision-mission/page.tsx:2:1)
    at <unknown> (https://nextjs.org/docs/messages/module-not-found)
    at <unknown> (./app/[locale]/about-us/why-choose-us/page.tsx:2:1)
    at <unknown> (https://nextjs.org/docs/messages/module-not-found)
    at <unknown> (./app/[locale]/contact-us/google-map/page.tsx:2:1)
    at <unknown> (https://nextjs.org/docs/messages/module-not-found)
    at <unknown> (./app/[locale]/contact-us/inquiry-form/page.tsx:2:1)
    at <unknown> (https://nextjs.org/docs/messages/module-not-found)
    at <unknown> (./app/[locale]/contact-us/office-location/page.tsx:2:1)
    at <unknown> (https://nextjs.org/docs/messages/module-not-found)
    at <unknown> (./app/[locale]/contact-us/whatsapp-contact/page.tsx:2:1)
    at <unknown> (https://nextjs.org/docs/messages/module-not-found)
    at <unknown> (./app/[locale]/projects/cross-border-logistics/page.tsx:2:1)
    at <unknown> (https://nextjs.org/docs/messages/module-not-found)
    at <unknown> (./app/[locale]/projects/heavy-equipment-transport/page.tsx:2:1)
    at <unknown> (https://nextjs.org/docs/messages/module-not-found)
    at <unknown> (./app/[locale]/projects/industrial-cargo-movement/page.tsx:2:1)
    at <unknown> (https://nextjs.org/docs/messages/module-not-found)
    at <unknown> (./app/[locale]/projects/machinery-mobilization/page.tsx:2:1)
    at <unknown> (https://nextjs.org/docs/messages/module-not-found)
    at <unknown> (./app/[locale]/projects/port-handling-projects/page.tsx:2:1)
    at <unknown> (https://nextjs.org/docs/messages/module-not-found)
    at <unknown> (./app/[locale]/request-a-quote/hiab-service-inquiry/page.tsx:2:1)
    at <unknown> (https://nextjs.org/docs/messages/module-not-found)
    at <unknown> (./app/[locale]/request-a-quote/machinery-rental-inquiry/page.tsx:2:1)
    at <unknown> (https://nextjs.org/docs/messages/module-not-found)
    at <unknown> (./app/[locale]/request-a-quote/project-logistics-inquiry/page.tsx:2:1)
    at <unknown> (https://nextjs.org/docs/messages/module-not-found)
    at <unknown> (./app/[locale]/request-a-quote/transport-inquiry/page.tsx:2:1)
    at <unknown> (https://nextjs.org/docs/messages/module-not-found)
ΓÇëELIFECYCLEΓÇë Command failed with exit code 1.
